[      90ms] [INFO] %cDownload the React DevTools for a better development experience: https://react.dev/link/react-devtools font-weight:bold @ http://localhost:3000/_next/static/chunks/0c-g_next_dist_00e4s9z._.js:2431
[     139ms] [LOG] [HMR] connected @ http://localhost:3000/_next/static/chunks/0c-g_next_dist_00e4s9z._.js:2431
[    4738ms] [LOG] [Fast Refresh] rebuilding @ http://localhost:3000/_next/static/chunks/0c-g_next_dist_00e4s9z._.js:2431
[    4739ms] [LOG] [Fast Refresh] done in 105ms @ http://localhost:3000/_next/static/chunks/0c-g_next_dist_00e4s9z._.js:2431
[   22479ms] [LOG] [Fast Refresh] rebuilding @ http://localhost:3000/_next/static/chunks/0c-g_next_dist_00e4s9z._.js:2431
[   22495ms] [LOG] [Fast Refresh] done in 120ms @ http://localhost:3000/_next/static/chunks/0c-g_next_dist_00e4s9z._.js:2431
[   28541ms] [LOG] [Fast Refresh] rebuilding @ http://localhost:3000/_next/static/chunks/0c-g_next_dist_00e4s9z._.js:2431
[   28542ms] [LOG] [Fast Refresh] done in 105ms @ http://localhost:3000/_next/static/chunks/0c-g_next_dist_00e4s9z._.js:2431
[   28709ms] [LOG] [Fast Refresh] rebuilding @ http://localhost:3000/_next/static/chunks/0c-g_next_dist_00e4s9z._.js:2431
[   28769ms] [LOG] [Fast Refresh] done in 166ms @ http://localhost:3000/_next/static/chunks/0c-g_next_dist_00e4s9z._.js:2431
[   34863ms] [LOG] [Fast Refresh] rebuilding @ http://localhost:3000/_next/static/chunks/0c-g_next_dist_00e4s9z._.js:2431
[   34879ms] [LOG] [Fast Refresh] done in 118ms @ http://localhost:3000/_next/static/chunks/0c-g_next_dist_00e4s9z._.js:2431
[   38930ms] [LOG] [Fast Refresh] rebuilding @ http://localhost:3000/_next/static/chunks/0c-g_next_dist_00e4s9z._.js:2431
[   39378ms] [LOG] [Fast Refresh] done in 551ms @ http://localhost:3000/_next/static/chunks/0c-g_next_dist_00e4s9z._.js:2431
[   39526ms] [LOG] [Fast Refresh] rebuilding @ http://localhost:3000/_next/static/chunks/0c-g_next_dist_00e4s9z._.js:2431
[   39639ms] [LOG] [Fast Refresh] done in 214ms @ http://localhost:3000/_next/static/chunks/0c-g_next_dist_00e4s9z._.js:2431
[   40144ms] [ERROR] Failed to load resource: the server responded with a status of 400 (Bad Request) @ http://localhost:3000/_next/image?url=%2Fteams%2FNC.png&w=48&q=75:0
[   40147ms] [ERROR] Failed to load resource: the server responded with a status of 400 (Bad Request) @ http://localhost:3000/_next/image?url=%2Fteams%2FLG.png&w=48&q=75:0
[   40154ms] [ERROR] Failed to load resource: the server responded with a status of 400 (Bad Request) @ http://localhost:3000/_next/image?url=%2Fteams%2FOB.png&w=48&q=75:0
[   40159ms] [ERROR] Failed to load resource: the server responded with a status of 400 (Bad Request) @ http://localhost:3000/_next/image?url=%2Fteams%2FHH.png&w=48&q=75:0
[   40159ms] [ERROR] Failed to load resource: the server responded with a status of 400 (Bad Request) @ http://localhost:3000/_next/image?url=%2Fteams%2FKT.png&w=48&q=75:0
[   40159ms] [ERROR] Failed to load resource: the server responded with a status of 400 (Bad Request) @ http://localhost:3000/_next/image?url=%2Fteams%2FSS.png&w=48&q=75:0
[   40264ms] [ERROR] Failed to load resource: the server responded with a status of 400 (Bad Request) @ http://localhost:3000/_next/image?url=%2Fteams%2FSK.png&w=48&q=75:0
[   40264ms] [LOG] [Fast Refresh] rebuilding @ http://localhost:3000/_next/static/chunks/0c-g_next_dist_00e4s9z._.js:2431
[   40265ms] [LOG] [Fast Refresh] done in 103ms @ http://localhost:3000/_next/static/chunks/0c-g_next_dist_00e4s9z._.js:2431
[   40266ms] [ERROR] Failed to load resource: the server responded with a status of 400 (Bad Request) @ http://localhost:3000/_next/image?url=%2Fteams%2FLT.png&w=48&q=75:0
[   40269ms] [ERROR] Failed to load resource: the server responded with a status of 400 (Bad Request) @ http://localhost:3000/_next/image?url=%2Fteams%2FWO.png&w=48&q=75:0
[   40274ms] [ERROR] Failed to load resource: the server responded with a status of 400 (Bad Request) @ http://localhost:3000/_next/image?url=%2Fteams%2FKI.png&w=48&q=75:0
[   40277ms] [ERROR] Failed to load resource: the server responded with a status of 400 (Bad Request) @ http://localhost:3000/_next/image?url=%2Fteams%2FLG.png&w=48&q=75:0
[   40304ms] [ERROR] Failed to load resource: the server responded with a status of 400 (Bad Request) @ http://localhost:3000/_next/image?url=%2Fteams%2FLT.png&w=48&q=75:0
[   41411ms] [LOG] [Fast Refresh] rebuilding @ http://localhost:3000/_next/static/chunks/0c-g_next_dist_00e4s9z._.js:2431
[   41426ms] [LOG] [Fast Refresh] done in 120ms @ http://localhost:3000/_next/static/chunks/0c-g_next_dist_00e4s9z._.js:2431
[   47868ms] [LOG] [Fast Refresh] rebuilding @ http://localhost:3000/_next/static/chunks/0c-g_next_dist_00e4s9z._.js:2431
[   47884ms] [LOG] [Fast Refresh] done in 120ms @ http://localhost:3000/_next/static/chunks/0c-g_next_dist_00e4s9z._.js:2431
[   54300ms] [LOG] [Fast Refresh] rebuilding @ http://localhost:3000/_next/static/chunks/0c-g_next_dist_00e4s9z._.js:2431
[   54316ms] [LOG] [Fast Refresh] done in 119ms @ http://localhost:3000/_next/static/chunks/0c-g_next_dist_00e4s9z._.js:2431
[   58979ms] [LOG] [Fast Refresh] rebuilding @ http://localhost:3000/_next/static/chunks/0c-g_next_dist_00e4s9z._.js:2431
[   58997ms] [LOG] [Fast Refresh] done in 119ms @ http://localhost:3000/_next/static/chunks/0c-g_next_dist_00e4s9z._.js:2431
[   59507ms] [LOG] [Fast Refresh] rebuilding @ http://localhost:3000/_next/static/chunks/0c-g_next_dist_00e4s9z._.js:2431
[   59601ms] [LOG] [Fast Refresh] done in 194ms @ http://localhost:3000/_next/static/chunks/0c-g_next_dist_00e4s9z._.js:2431
[   64829ms] [LOG] [Fast Refresh] rebuilding @ http://localhost:3000/_next/static/chunks/0c-g_next_dist_00e4s9z._.js:2431
[   64829ms] [LOG] [Fast Refresh] done in 105ms @ http://localhost:3000/_next/static/chunks/0c-g_next_dist_00e4s9z._.js:2431
[   71686ms] [LOG] [Fast Refresh] rebuilding @ http://localhost:3000/_next/static/chunks/0c-g_next_dist_00e4s9z._.js:2431
[   71701ms] [LOG] [Fast Refresh] done in 120ms @ http://localhost:3000/_next/static/chunks/0c-g_next_dist_00e4s9z._.js:2431
[   77199ms] [LOG] [Fast Refresh] rebuilding @ http://localhost:3000/_next/static/chunks/0c-g_next_dist_00e4s9z._.js:2431
[   77199ms] [LOG] [Fast Refresh] done in 102ms @ http://localhost:3000/_next/static/chunks/0c-g_next_dist_00e4s9z._.js:2431
[   77486ms] [LOG] [Fast Refresh] rebuilding @ http://localhost:3000/_next/static/chunks/0c-g_next_dist_00e4s9z._.js:2431
[   77503ms] [LOG] [Fast Refresh] done in 120ms @ http://localhost:3000/_next/static/chunks/0c-g_next_dist_00e4s9z._.js:2431
[   79176ms] [LOG] [Fast Refresh] rebuilding @ http://localhost:3000/_next/static/chunks/0c-g_next_dist_00e4s9z._.js:2431
[   79238ms] [LOG] [Fast Refresh] done in 164ms @ http://localhost:3000/_next/static/chunks/0c-g_next_dist_00e4s9z._.js:2431
[   84838ms] [LOG] [Fast Refresh] rebuilding @ http://localhost:3000/_next/static/chunks/0c-g_next_dist_00e4s9z._.js:2431
[   84888ms] [LOG] [Fast Refresh] done in 150ms @ http://localhost:3000/_next/static/chunks/0c-g_next_dist_00e4s9z._.js:2431
[   91966ms] [LOG] [Fast Refresh] rebuilding @ http://localhost:3000/_next/static/chunks/0c-g_next_dist_00e4s9z._.js:2431
[   91979ms] [LOG] [Fast Refresh] done in 116ms @ http://localhost:3000/_next/static/chunks/0c-g_next_dist_00e4s9z._.js:2431
[  100808ms] [LOG] [Fast Refresh] rebuilding @ http://localhost:3000/_next/static/chunks/0c-g_next_dist_00e4s9z._.js:2431
[  100823ms] [LOG] [Fast Refresh] done in 120ms @ http://localhost:3000/_next/static/chunks/0c-g_next_dist_00e4s9z._.js:2431
[  107060ms] [LOG] [Fast Refresh] rebuilding @ http://localhost:3000/_next/static/chunks/0c-g_next_dist_00e4s9z._.js:2431
[  107185ms] [LOG] [Fast Refresh] done in 226ms @ http://localhost:3000/_next/static/chunks/0c-g_next_dist_00e4s9z._.js:2431
[  107531ms] [LOG] [Fast Refresh] rebuilding @ http://localhost:3000/_next/static/chunks/0c-g_next_dist_00e4s9z._.js:2431
[  107548ms] [LOG] [Fast Refresh] done in 120ms @ http://localhost:3000/_next/static/chunks/0c-g_next_dist_00e4s9z._.js:2431
[  109210ms] [LOG] [Fast Refresh] rebuilding @ http://localhost:3000/_next/static/chunks/0c-g_next_dist_00e4s9z._.js:2431
[  109316ms] [LOG] [Fast Refresh] done in 210ms @ http://localhost:3000/_next/static/chunks/0c-g_next_dist_00e4s9z._.js:2431
[  114443ms] [LOG] [Fast Refresh] rebuilding @ http://localhost:3000/_next/static/chunks/0c-g_next_dist_00e4s9z._.js:2431
[  114459ms] [LOG] [Fast Refresh] done in 121ms @ http://localhost:3000/_next/static/chunks/0c-g_next_dist_00e4s9z._.js:2431
[  121682ms] [LOG] [Fast Refresh] rebuilding @ http://localhost:3000/_next/static/chunks/0c-g_next_dist_00e4s9z._.js:2431
[  121697ms] [LOG] [Fast Refresh] done in 120ms @ http://localhost:3000/_next/static/chunks/0c-g_next_dist_00e4s9z._.js:2431
[  140231ms] [LOG] [Fast Refresh] rebuilding @ http://localhost:3000/_next/static/chunks/0c-g_next_dist_00e4s9z._.js:2431
[  140246ms] [LOG] [Fast Refresh] done in 119ms @ http://localhost:3000/_next/static/chunks/0c-g_next_dist_00e4s9z._.js:2431
[  145776ms] [LOG] [Fast Refresh] rebuilding @ http://localhost:3000/_next/static/chunks/0c-g_next_dist_00e4s9z._.js:2431
[  145793ms] [LOG] [Fast Refresh] done in 119ms @ http://localhost:3000/_next/static/chunks/0c-g_next_dist_00e4s9z._.js:2431
[  147607ms] [LOG] [Fast Refresh] rebuilding @ http://localhost:3000/_next/static/chunks/0c-g_next_dist_00e4s9z._.js:2431
[  147714ms] [LOG] [Fast Refresh] done in 211ms @ http://localhost:3000/_next/static/chunks/0c-g_next_dist_00e4s9z._.js:2431
[  158129ms] [LOG] [Fast Refresh] rebuilding @ http://localhost:3000/_next/static/chunks/0c-g_next_dist_00e4s9z._.js:2431
[  158190ms] [LOG] [Fast Refresh] done in 163ms @ http://localhost:3000/_next/static/chunks/0c-g_next_dist_00e4s9z._.js:2431
[  158383ms] [LOG] [Fast Refresh] rebuilding @ http://localhost:3000/_next/static/chunks/0c-g_next_dist_00e4s9z._.js:2431
[  158432ms] [LOG] [Fast Refresh] done in 150ms @ http://localhost:3000/_next/static/chunks/0c-g_next_dist_00e4s9z._.js:2431
